// Jest Snapshot v1, https://goo.gl/fbAQLP

exports[`RandomInspoQuote matches snapshot 1`] = `
<div>
  <div
    class="RandomInspoQuote"
  >
    <button>
      Click here for an inspirational qu√∏te!
    </button>
  </div>
</div>
`;
