// Jest Snapshot v1, https://goo.gl/fbAQLP

exports[`TopTodo component matches snapshot 1`] = `
<div>
  <div
    class="Todo"
  >
    <div>
      <b>
        todo-1
      </b>
       
      <small>
        1
      </small>
    </div>
    <div>
      <small>
        desc-1
      </small>
    </div>
  </div>
</div>
`;
